C51 COMPILER V9.60.0.0   POKUSY_MACURA19_03_26                                             03/26/2026 11:49:27 PAGE 1   


C51 COMPILER V9.60.0.0, COMPILATION OF MODULE POKUSY_MACURA19_03_26
OBJECT MODULE PLACED IN .\src\pokusy_macura19-03-26.OBJ
COMPILER INVOKED BY: C:\SiliconLabs\SimplicityStudio\v5\developer\toolchains\keil_8051\9.60\BIN\C51.exe C:\Users\l.macur
                    -a.st\Documents\GitHub\ZPRG\microkontrolery\pokusy_macura_19-03-26\src\pokusy_macura19-03-26.c OMF2 SMALL DEBUG OBJECTEXT
                    -END ROM(LARGE) WARNINGLEVEL(2) FLOATFUZZY(3) OPTIMIZE(8,SPEED) DEFINE(DEBUG=1) INTVECTOR(0X0000) INTPROMOTE INCDIR(C:/Si
                    -liconLabs/SimplicityStudio/v5/developer/sdks/8051/v4.3.0//Device/shared/si8051Base;C:/SiliconLabs/SimplicityStudio/v5/de
                    -veloper/sdks/8051/v4.3.0//Device/C8051F310/inc) PRINT(.\src\pokusy_macura19-03-26.lst) COND PAGEWIDTH(120) PAGELENGTH(65
                    -) OBJECT(.\src\pokusy_macura19-03-26.OBJ)

line level    source

   1          //NAZEV PROJEKTU : pokusy s tlacitkem alert
   2          //Autor: Lukas Macura
   3          //19-03-26
   4          //V1
   5          //historie zmen:
   6          
   7          //-----------------------------------------------------------------------------
   8          // Includes
   9          //-----------------------------------------------------------------------------
  10          
  11          #include <SI_C8051F310_Register_Enums.h>
  12          #include <stdio.h>
  13          
  14          #define SYSCLK        24500000         // SYSCLK frequency in Hz
  15          #define BAUDRATE      115200           // Baud rate of UART in bps
  16          #define ANALOG_INPUTS 6                // Number of AIN pins to measure,
  17                                                 // skipping the UART0 pins
  18          #define INT_DEC       256              // Integrate and decimate ratio
  19          
  20          #define TIMER0_RELOAD_HIGH  0          // Timer0 High register
  21          #define TIMER0_RELOAD_LOW 255          // Timer0 Low register
  22          
  23          //-----------------------------------------------------------------------------
  24          // Function PROTOTYPES
  25          //-----------------------------------------------------------------------------
  26          SI_INTERRUPT_PROTO(ADC0_ISR, 10);
  27          SI_INTERRUPT_PROTO(Timer2_ISR, 5);
  28          
  29          void Oscillator_Init (void);
  30          void Port_Init (void);
  31          void Timer2_Init(void);
  32          void ADC0_Init(void);
  33          void UART0_Init (void);
  34          
  35          void Timer0_wait(int16_t ms);
  36          
  37          
  38          //ja pridal:
  39          void blick(void);
  40          void delay(void);
  41          void Init_Device(void);
  42          //-----------------------------------------------------------------------------
  43          // Global Variables
  44          //-----------------------------------------------------------------------------
  45          
  46          sbit button = P0^0;
  47          sbit led = P0^1;
  48          unsigned int zpozdeni = 50000;
  49          
  50          //-----------------------------------------------------------------------------
  51          void main (void)
C51 COMPILER V9.60.0.0   POKUSY_MACURA19_03_26                                             03/26/2026 11:49:27 PAGE 2   

  52          {
  53   1        Init_Device();
  54   1        led = 0;
  55   1      
  56   1        while(button == 0){
  57   2            blick();
  58   2        }
  59   1      
  60   1      }
  61          //-----------------------------------------------------------------------------
  62          // SiLabs_Startup() Routine
  63          // ----------------------------------------------------------------------------
  64          // This function is called immediately after reset, before the initialization
  65          // code is run in SILABS_STARTUP.A51 (which runs before main() ). This is a
  66          // useful place to disable the watchdog timer, which is enable by default
  67          // and may trigger before main() in some instances.
  68          //-----------------------------------------------------------------------------
  69          void SiLabs_Startup (void)
  70          {
  71   1         PCA0MD &= ~0x40;                    // WDTE = 0 (clear watchdog timer
  72   1      }
  73          
  74          //-----------------------------------------------------------------------------
  75          void blick(void){
  76   1        int i = 0;
  77   1        for(i = 0; i<20; i++){
  78   2            if(i%2 == 1) led = 0;
  79   2            else led = 1;
  80   2            delay();
  81   2        }
  82   1      }
  83          
  84          void delay(void){
  85   1        int pocetCyklu = 0;
  86   1        while(pocetCyklu < zpozdeni) pocetCyklu++;
  87   1      }
  88          
  89          // Peripheral specific initialization functions,
  90          // Called from the Init_Device() function
  91          void Port_IO_Init()
  92          {
  93   1          // P0.0  -  Unassigned,  Open-Drain, Digital
  94   1          // P0.1  -  Unassigned,  Push-Pull,  Digital
  95   1          // P0.2  -  Unassigned,  Open-Drain, Digital
  96   1          // P0.3  -  Unassigned,  Open-Drain, Digital
  97   1          // P0.4  -  Unassigned,  Open-Drain, Digital
  98   1          // P0.5  -  Unassigned,  Open-Drain, Digital
  99   1          // P0.6  -  Unassigned,  Open-Drain, Digital
 100   1          // P0.7  -  Unassigned,  Open-Drain, Digital
 101   1      
 102   1          // P1.0  -  Unassigned,  Open-Drain, Digital
 103   1          // P1.1  -  Unassigned,  Open-Drain, Digital
 104   1          // P1.2  -  Unassigned,  Open-Drain, Digital
 105   1          // P1.3  -  Unassigned,  Open-Drain, Digital
 106   1          // P1.4  -  Unassigned,  Open-Drain, Digital
 107   1          // P1.5  -  Unassigned,  Open-Drain, Digital
 108   1          // P1.6  -  Unassigned,  Open-Drain, Digital
 109   1          // P1.7  -  Unassigned,  Open-Drain, Digital
 110   1          // P2.0  -  Unassigned,  Open-Drain, Digital
 111   1          // P2.1  -  Unassigned,  Open-Drain, Digital
 112   1          // P2.2  -  Unassigned,  Open-Drain, Digital
 113   1          // P2.3  -  Unassigned,  Open-Drain, Digital
 114   1      
C51 COMPILER V9.60.0.0   POKUSY_MACURA19_03_26                                             03/26/2026 11:49:27 PAGE 3   

 115   1          P0MDOUT   = 0x02;
 116   1          XBR1      = 0x40;
 117   1      }
 118          
 119          // Initialization function for device,
 120          // Call Init_Device() from your main program
 121          void Init_Device(void)
 122          {
 123   1          Port_IO_Init();
 124   1      }
 125          
 126          //-----------------------------------------------------------------------------
 127          // End Of File
 128          //-----------------------------------------------------------------------------


MODULE INFORMATION:   STATIC OVERLAYABLE
   CODE SIZE        =    103    ----
   CONSTANT SIZE    =   ----    ----
   XDATA SIZE       =   ----    ----
   PDATA SIZE       =   ----    ----
   DATA SIZE        =      2       2
   IDATA SIZE       =   ----    ----
   BIT SIZE         =   ----    ----
   EDATA SIZE       =   ----    ----
   HDATA SIZE       =   ----    ----
   XDATA CONST SIZE =   ----    ----
   FAR CONST SIZE   =   ----    ----
END OF MODULE INFORMATION.


C51 COMPILATION COMPLETE.  0 WARNING(S),  0 ERROR(S)
